../Core/Src/main.c:164:6:Check_Uart_update	24	static
../Core/Src/main.c:192:6:HAL_SPI_TxCpltCallback	16	static
../Core/Src/main.c:200:6:isIrmsChanged	32	static
../Core/Src/main.c:224:6:Default_Display	72	static
../Core/Src/main.c:281:6:Screen2_Ctrl	32	static
../Core/Src/main.c:314:6:Screen1_Ctrl	32	static
../Core/Src/main.c:382:6:Touch_XY	48	static
../Core/Src/main.c:610:6:Update_StatusBt	40	static
../Core/Src/main.c:680:6:Update_Current_Val	192	static
../Core/Src/main.c:728:6:Send_Request_Lora	24	static
../Core/Src/main.c:747:6:Send_Lora_UpdateRelay	32	static
../Core/Src/main.c:776:6:HAL_TIM_PeriodElapsedCallback	16	static
../Core/Src/main.c:790:6:HAL_GPIO_EXTI_Callback	16	static
../Core/Src/main.c:804:6:ConvertFloatAsBytes	16	static
../Core/Src/main.c:812:6:Send_Uart1	24	static
../Core/Src/main.c:821:6:HAL_UART_RxCpltCallback	40	static
../Core/Src/main.c:883:5:main	40	static
../Core/Src/main.c:1150:6:SystemClock_Config	88	static
../Core/Src/main.c:1196:13:MX_SPI1_Init	8	static
../Core/Src/main.c:1234:13:MX_SPI2_Init	8	static
../Core/Src/main.c:1272:13:MX_SPI3_Init	8	static
../Core/Src/main.c:1310:13:MX_TIM2_Init	32	static
../Core/Src/main.c:1355:13:MX_TIM3_Init	32	static
../Core/Src/main.c:1400:13:MX_USART1_UART_Init	8	static
../Core/Src/main.c:1431:13:MX_DMA_Init	16	static
../Core/Src/main.c:1449:13:MX_GPIO_Init	48	static
../Core/Src/main.c:1522:6:Error_Handler	4	static,ignoring_inline_asm
